../Core/Src/main.c:82:6:__io_putchar	16	static
../Core/Src/main.c:86:6:LP5036_Init	24	static
../Core/Src/main.c:108:6:LP5036_SetBrightness	32	static
../Core/Src/main.c:116:6:LCD_Reset	8	static
../Core/Src/main.c:124:6:LCD_Write_Command	16	static
../Core/Src/main.c:132:6:LCD_Write_Data	16	static
../Core/Src/main.c:140:6:LCD_Init	8	static
../Core/Src/main.c:156:6:LCD_Fill_Screen	24	static
../Core/Src/main.c:192:5:main	16	static
../Core/Src/main.c:287:6:SystemClock_Config	88	static
../Core/Src/main.c:341:13:MX_I2C1_Init	8	static
../Core/Src/main.c:389:13:MX_SPI4_Init	8	static
../Core/Src/main.c:428:13:MX_UART5_Init	8	static
../Core/Src/main.c:463:13:MX_GPIO_Init	48	static
../Core/Src/main.c:501:6:StartDefaultTask	40	static
../Core/Src/main.c:534:6:MPU_Config	24	static
../Core/Src/main.c:569:6:HAL_TIM_PeriodElapsedCallback	16	static
../Core/Src/main.c:586:6:Error_Handler	4	static,ignoring_inline_asm
